type octile
height 46
width 60
map
@@@@@@@@@@@@@@@@@@@@@@@@@@@@@@@@@@@@@@@@@@@@@@@@@@@@@@@@@@@@
@@@@@@@@@@@@@@@@@@@@@@.................@@@@@@@@@@@@@@@@@@@@@
@@@@@@@@@@@@@@@@@@@.......................@@@@@@@@@@@@@@@@@@
@@@@@@@@@@@@@@@@@...........................@@@@@@@@@@@@@@@@
@@@@@@@@@@@@@@@...............................@@@@@@@@@@@@@@
@@@@@@@@@@@@@..................................@@@@@@@@@@@@@
@@@@@@@@@@@@....................................@@@@@@@@@@@@
@@@@@@@@@@@...............@@@@...................@@@@@@@@@@@
@@@@@@@@@@......@@........@@@@@@@.................@@@@@@@@@@
@@@@@@@@@......@@@....@......@@@@..................@@@@@@@@@
@@@@@@@@......@@@.....@.............................@@@@@@@@
@@@@@@@......@@@..................@@.....@...........@@@@@@@
@@@@@@......@@@..................@@@@....@...........@@@@@@@
@@@@@@.......@.....................@@@@...............@@@@@@
@@@@@...............................@@@@.........@....@@@@@@
@@@@@................................@..........@@@....@@@@@
@@@@.....................................@.......@@@....@@@@
@@@@......................@@............@@@@@.....@@@.@.@@@@
@@@@.....................@@@@@@........@@@@@@@.....@@@@.@@@@
@@@@......................@@@@@@...........@@......@@@@@@@@@
@@@@........................@@......................@@@@@@@@
@@@@.......@@.......................................@@@@@@@@
@@@@........@........................................@@@@@@@
@@@@..................@@@.............................@@@@@@
@@@@.@@.........@@...@@@@@.....@........................@@@@
@@@@@@@@.......@@@@....@@@@@..@@........................@@@@
@@@@@@@@@......@@@@......@@@....................@.......@@@@
@@@@.@@@......@@@@@.......@.....................@@......@@@@
@@@@..@@........@.@@....................................@@@@
@@@@..................................@@................@@@@
@@@@.................................@@@.........@@.....@@@@
@@@@.................................@@@@.......@@@@....@@@@
@@@@@...............................@@@@........@@@@....@@@@
@@@@@..................................@.......@@@@@....@@@@
@@@@@@.....@@....................................@@@@...@@@@
@@@@@@....@@@@..........................................@@@@
@@@@@@@..@@@@@@........................................@@@@@
@@@@@@@....@@@@.......................................@@@@@@
@@@@@@@@....@@..............................@@@@......@@@@@@
@@@@@@@@....................................@@@@.....@@@@@@@
@@@@@@@@@.........@........................@@@@@....@@@@@@@@
@@@@@@@@@.........@@.............@@................@@@@@@@@@
@@@@@@@@@@......................@@@@..............@@@@@@@@@@
@@@@@@@@@@@@....................@@@@....@@.......@@@@@@@@@@@
@@@@@@@@@@@@@@..................@@@@@..........@@@@@@@@@@@@@
@@@@@@@@@@@@@@@@@@@@@@@@@@@@@@@@@@@@@@@@@@@@@@@@@@@@@@@@@@@@
